Welcome Boss
PS C:\Users\ndh00286\Desktop\Project\Project\NodeApp> npm

Usage: npm <command>

where <command> is one of:
    access, adduser, audit, bin, bugs, c, cache, ci, cit,
    clean-install, clean-install-test, completion, config,
    create, ddp, dedupe, deprecate, dist-tag, docs, doctor,
    edit, explore, fund, get, help, help-search, hook, i, init,
    install, install-ci-test, install-test, it, link, list, ln,
    login, logout, ls, org, outdated, owner, pack, ping, prefix,
    profile, prune, publish, rb, rebuild, repo, restart, root,
    run, run-script, s, se, search, set, shrinkwrap, star,
    stars, start, stop, t, team, test, token, tst, un,
    uninstall, unpublish, unstar, up, update, v, version, view,
    whoami

npm <command> -h  quick help on <command>
npm -l            display full usage info
npm help <term>   search for help on <term>
npm help npm      involved overview

Specify configs in the ini-formatted file:
    C:\Users\ndh00286\.npmrc
or on the command line via: npm <command> --key value
Config info can be viewed via: npm help config

npm@6.14.8 C:\Program Files\nodejs\node_modules\npm
PS C:\Users\ndh00286\Desktop\Clinse Project\Project\NodeApp> npm init
This utility will walk you through creating a package.json file.
It only covers the most common items, and tries to guess sensible defaults.

See `npm help init` for definitive documentation on these fields
and exactly what they do.

Use `npm install <pkg>` afterwards to install a package and
save it as a dependency in the package.json file.

Press ^C at any time to quit.
package name: (nodeapp) npm WARN init canceled
PS C:\Users\ndh00286\Desktop\Project\Project\NodeApp> npm init -y
Wrote to C:\Users\ndh00286\Desktop\Project\Project\NodeApp\package.json:

{
  "name": "NodeApp",
  "version": "1.0.0",
  "description": "",
  "main": "index.js",
  "scripts": {
    "test": "echo \"Error: no test specified\" && exit 1"
  },
  "keywords": [],
  "author": "",
  "license": "ISC"
}


PS C:\Users\ndh00286\Desktop\Project\Project\NodeApp> npm i express mysql
npm notice created a lockfile as package-lock.json. You should commit this file.
npm WARN NodeApp@1.0.0 No description
npm WARN NodeApp@1.0.0 No repository field.

+ mysql@2.18.1
+ express@4.17.1
added 59 packages from 48 contributors and audited 59 packages in 6.34s
found 0 vulnerabilities

PS C:\Users\ndh00286\Desktop\Clinse Project\Project\NodeApp> npm i -D nodemon

> nodemon@2.0.6 postinstall C:\Users\ndh00286\Desktop\Project\Project\NodeApp\node_modules\nodemon
> node bin/postinstall || exit 0

Love nodemon? You can now support the project via the open collective:
 > https://opencollective.com/nodemon/donate

npm WARN optional SKIPPING OPTIONAL DEPENDENCY: fsevents@~2.1.2 (node_modules\chokidar\node_modules\fsevents):
npm WARN notsup SKIPPING OPTIONAL DEPENDENCY: Unsupported platform for fsevents@2.1.3: wanted {"os":"darwin","arch":"any"} (current: {"os":"win32","arch":"x64"})
npm WARN NodeApp@1.0.0 No description
npm WARN NodeApp@1.0.0 No repository field.

+ nodemon@2.0.6
added 117 packages from 53 contributors and audited 177 packages in 20.259s

10 packages are looking for funding
  run `npm fund` for details

found 0 vulnerabilities

PS C:\Users\ndh00286\Desktop\Project\Project\NodeApp>

PS C:\Users\ndh00286\Desktop\Project\Project\NodeApp> npm run dev

> NodeApp@1.0.0 dev C:\Users\ndh00286\Desktop\Project\Project\NodeApp
> npx nodemon server/server.js -w server

[nodemon] 2.0.6
[nodemon] to restart at any time, enter `rs`
[nodemon] watching path(s): server\**\*
[nodemon] watching extensions: js,mjs,json
[nodemon] starting `node server/server.js`
Server Running on port: 3000

